2026-05-09 21:17:41,193 - Failed deepikabgouda2002@gmail.com: (334, b'UGFzc3dvcmQ6')
2026-05-09 21:17:41,217 - Failed deepikabgouda2002@gmail.com: (334, b'UGFzc3dvcmQ6')
2026-05-09 21:17:43,684 - Failed deepikabgouda2002@gmail.com: (334, b'UGFzc3dvcmQ6')
2026-05-09 21:17:46,139 - Failed gbdeepika2026@gmail.com: (334, b'UGFzc3dvcmQ6')
2026-05-09 21:17:48,682 - Failed deepikagouda665@gmail.com: (334, b'UGFzc3dvcmQ6')
2026-05-09 21:17:51,168 - Failed gbdeepika2026@gmail.com: (334, b'UGFzc3dvcmQ6')
2026-05-09 21:17:53,718 - Failed deepikagouda665@gmail.com: (334, b'UGFzc3dvcmQ6')
2026-05-09 21:17:56,172 - Failed gbdeepika2026@gmail.com: (334, b'UGFzc3dvcmQ6')
2026-05-09 21:18:53,363 - Failed deepikabgouda2002@gmail.com: (334, b'UGFzc3dvcmQ6')
2026-05-09 21:18:53,393 - Failed deepikabgouda2002@gmail.com: (334, b'UGFzc3dvcmQ6')
2026-05-09 21:18:56,330 - Failed deepikabgouda2002@gmail.com: (334, b'UGFzc3dvcmQ6')
2026-05-09 21:18:58,799 - Failed gbdeepika2026@gmail.com: (334, b'UGFzc3dvcmQ6')
2026-05-09 21:19:01,247 - Failed deepikagouda665@gmail.com: (334, b'UGFzc3dvcmQ6')
2026-05-09 21:19:03,692 - Failed gbdeepika2026@gmail.com: (334, b'UGFzc3dvcmQ6')
2026-05-09 21:19:06,224 - Failed deepikagouda665@gmail.com: (334, b'UGFzc3dvcmQ6')
2026-05-09 21:19:08,677 - Failed gbdeepika2026@gmail.com: (334, b'UGFzc3dvcmQ6')
2026-05-09 21:37:24,314 - Deleted contact deepikabgouda2002@gmail.com
2026-05-09 21:37:30,058 - Deleted contact gbdeepika2026@gmail.com
2026-05-09 21:37:34,995 - Deleted contact deepikagouda665@gmail.com
2026-05-09 21:42:49,823 - Updated reminder 1
2026-05-09 21:42:53,227 - Updated reminder 1
2026-05-09 21:44:15,984 - Updated reminder 1
2026-05-09 21:44:24,600 - Updated reminder 1
2026-05-09 21:46:23,973 - Deleted reminder 1
2026-05-09 21:47:47,636 - Deleted reminder 2
2026-05-09 21:48:06,074 - Updated reminder 3
2026-05-09 21:48:36,401 - Updated reminder 3
2026-05-09 21:48:37,903 - Updated reminder 3
2026-05-09 21:48:44,297 - Deleted reminder 3
2026-05-09 22:03:01,720 - Reminder sent \u2192 gbdeepika2026@gmail.com
2026-05-09 22:03:27,620 - Sent gbdeepika2026@gmail.com
2026-05-09 22:27:39,182 - FAILED \u2192  : SMTP error: {}
2026-05-09 22:27:43,647 - FAILED \u2192  : SMTP error: {}
2026-05-09 22:27:50,300 - FAILED \u2192  : SMTP error: {}
2026-05-09 22:27:56,496 - FAILED \u2192  : SMTP error: {}
2026-05-09 22:29:29,085 - FAILED \u2192  : SMTP error: {}
2026-05-09 22:29:32,343 - FAILED \u2192  : SMTP error: {}
2026-05-09 22:29:37,961 - FAILED \u2192  : SMTP error: {}
2026-05-09 22:30:18,724 - FAILED \u2192  : SMTP error: {}
2026-05-09 22:30:19,442 - FAILED \u2192  : SMTP error: {}
2026-05-09 22:30:19,926 - FAILED \u2192  : SMTP error: {}
2026-05-09 22:30:54,486 - FAILED \u2192  : SMTP error: {}
2026-05-09 22:32:53,717 - FAILED \u2192  : SMTP error: {}
2026-05-09 22:32:55,150 - FAILED \u2192  : SMTP error: {}
2026-05-09 22:33:00,362 - FAILED \u2192  : SMTP error: {}
2026-05-09 22:35:14,044 - \u274c EMPTY EMAIL SKIPPED \u2192 ID 5
2026-05-09 22:35:16,922 - \u274c EMPTY EMAIL SKIPPED \u2192 ID 5
2026-05-09 22:35:22,373 - \u274c EMPTY EMAIL SKIPPED \u2192 ID 5
2026-05-09 22:35:27,641 - \u274c EMPTY EMAIL SKIPPED \u2192 ID 5
2026-05-09 22:35:30,343 - \u274c EMPTY EMAIL SKIPPED \u2192 ID 5
2026-05-09 22:36:12,729 - CHECK \u2192 gbdeepika2026@gmail.com | 2026-05-09 22:15:00 | NOW 2026-05-09 22:36:00
2026-05-09 22:36:16,865 - CHECK \u2192 gbdeepika2026@gmail.com | 2026-05-09 22:15:00 | NOW 2026-05-09 22:36:00
2026-05-09 22:36:17,057 - \u2714 SENT \u2192 gbdeepika2026@gmail.com
2026-05-09 22:36:21,056 - \u2714 SENT \u2192 gbdeepika2026@gmail.com
2026-05-09 22:37:46,680 - CHECK \u2192 deepikabgouda2002@gmail.com | 2026-05-09 22:45:00 | NOW 2026-05-09 22:37:00
2026-05-09 22:46:41,016 - SENT \u2192 deepikabgouda2002@gmail.com
2026-05-09 22:46:43,523 - SENT \u2192 deepikabgouda2002@gmail.com
2026-05-09 22:58:19,216 - SENT \u2192 deepikagouda665@gmail.com
2026-05-09 22:58:19,216 - AUTO SENT \u2192 1
2026-05-09 23:10:24,004 - SENT \u2192 gbdeepika2020@gmail.com
2026-05-09 23:10:24,004 - AUTO SENT \u2192 1
2026-05-09 23:20:28,250 - SENT \u2192 testdata2471995@gmail.com
2026-05-09 23:20:28,252 - AUTO SENT \u2192 1
